[geeksui.codescandy.com/geeks/pages/dashboard-instructor.html]
[geeksui.codescandy.com/geeks/assets/js/vendors/darkMode.js]
[geeksui.codescandy.com/geeks/assets/fonts/feather/feather.css]
[geeksui.codescandy.com/geeks/assets/libs/bootstrap-icons/font/bootstrap-icons.min.css]
[geeksui.codescandy.com/geeks/assets/libs/simplebar/dist/simplebar.min.css]
[backblue.gif]
[fade.gif]
[index.html]
[geeksui.codescandy.com/geeks/assets/images/avatar/avatar-1.jpg]
[geeksui.codescandy.com/geeks/assets/images/avatar/avatar-2.jpg]
[geeksui.codescandy.com/geeks/assets/css/theme.min.css]
[geeksui.codescandy.com/geeks/assets/images/avatar/avatar-3.jpg]
[geeksui.codescandy.com/geeks/assets/images/avatar/avatar-4.jpg]
[geeksui.codescandy.com/geeks/pages/notification-history.html]
[geeksui.codescandy.com/geeks/pages/profile-edit.html]
[geeksui.codescandy.com/geeks/pages/student-subscriptions.html]
[geeksui.codescandy.com/geeks/pages/course-category.html]
[geeksui.codescandy.com/geeks/pages/landings/landing-education.html]
[geeksui.codescandy.com/geeks/pages/landings/home-academy.html]
[geeksui.codescandy.com/geeks/pages/landings/landing-courses.html]
[geeksui.codescandy.com/geeks/pages/landings/course-lead.html]
[geeksui.codescandy.com/geeks/pages/landings/request-access.html]
[geeksui.codescandy.com/geeks/pages/landings/landing-sass.html]
[geeksui.codescandy.com/geeks/pages/landings/landing-job.html]
[geeksui.codescandy.com/geeks/pages/course-single.html]
[geeksui.codescandy.com/geeks/pages/course-single-v2.html]
[geeksui.codescandy.com/geeks/pages/course-resume.html]
[geeksui.codescandy.com/geeks/pages/course-checkout.html]
[geeksui.codescandy.com/geeks/pages/course-filter-list.html]
[geeksui.codescandy.com/geeks/pages/add-course.html]
[geeksui.codescandy.com/geeks/pages/course-path.html]
[geeksui.codescandy.com/geeks/pages/course-path-single.html]
[geeksui.codescandy.com/geeks/pages/blog.html]
[geeksui.codescandy.com/geeks/pages/blog-single.html]
[geeksui.codescandy.com/geeks/pages/blog-category.html]
[geeksui.codescandy.com/geeks/pages/blog-sidebar.html]
[geeksui.codescandy.com/geeks/pages/career.html]
[geeksui.codescandy.com/geeks/pages/career-list.html]
[geeksui.codescandy.com/geeks/pages/career-single.html]
[geeksui.codescandy.com/geeks/pages/portfolio.html]
[geeksui.codescandy.com/geeks/pages/portfolio-single.html]
[geeksui.codescandy.com/geeks/pages/jobs/job-listing.html]
[geeksui.codescandy.com/geeks/pages/jobs/job-grid.html]
[geeksui.codescandy.com/geeks/pages/jobs/job-single.html]
[geeksui.codescandy.com/geeks/pages/jobs/company-list.html]
[geeksui.codescandy.com/geeks/pages/jobs/company-about.html]
[geeksui.codescandy.com/geeks/pages/coming-soon.html]
[geeksui.codescandy.com/geeks/pages/404-error.html]
[geeksui.codescandy.com/geeks/pages/maintenance-mode.html]
[geeksui.codescandy.com/geeks/pages/terms-condition-page.html]
[geeksui.codescandy.com/geeks/pages/about.html]
[geeksui.codescandy.com/geeks/pages/help-center.html]
[geeksui.codescandy.com/geeks/pages/help-center-faq.html]
[geeksui.codescandy.com/geeks/pages/help-center-guide.html]
[geeksui.codescandy.com/geeks/pages/help-center-guide-single.html]
[geeksui.codescandy.com/geeks/pages/help-center-support.html]
[geeksui.codescandy.com/geeks/pages/pricing.html]
[geeksui.codescandy.com/geeks/pages/compare-plan.html]
[geeksui.codescandy.com/geeks/pages/contact.html]
[geeksui.codescandy.com/geeks/pages/instructor-profile.html]
[geeksui.codescandy.com/geeks/pages/instructor-courses.html]
[geeksui.codescandy.com/geeks/pages/instructor-order.html]
[geeksui.codescandy.com/geeks/pages/instructor-reviews.html]
[geeksui.codescandy.com/geeks/pages/instructor-students.html]
[geeksui.codescandy.com/geeks/pages/instructor-payouts.html]
[geeksui.codescandy.com/geeks/pages/instructor-earning.html]
[geeksui.codescandy.com/geeks/pages/instructor-quiz.html]
[geeksui.codescandy.com/geeks/pages/instructor-quiz-details.html]
[geeksui.codescandy.com/geeks/pages/instructor-quiz-result.html]
[geeksui.codescandy.com/geeks/pages/dashboard-student.html]
[geeksui.codescandy.com/geeks/pages/payment-method.html]
[geeksui.codescandy.com/geeks/pages/billing-info.html]
[geeksui.codescandy.com/geeks/pages/invoice.html]
[geeksui.codescandy.com/geeks/pages/invoice-details.html]
[geeksui.codescandy.com/geeks/pages/student-quiz.html]
[geeksui.codescandy.com/geeks/pages/student-quiz-attempt.html]
[geeksui.codescandy.com/geeks/pages/student-quiz-start.html]
[geeksui.codescandy.com/geeks/pages/student-quiz-result.html]
[geeksui.codescandy.com/geeks/pages/dashboard/admin-dashboard.html]
[geeksui.codescandy.com/geeks/pages/sign-in.html]
[geeksui.codescandy.com/geeks/pages/sign-up.html]
[geeksui.codescandy.com/geeks/pages/forget-password.html]
[geeksui.codescandy.com/geeks/pages/security.html]
[geeksui.codescandy.com/geeks/pages/social-profile.html]
[geeksui.codescandy.com/geeks/pages/notifications.html]
[geeksui.codescandy.com/geeks/pages/profile-privacy.html]
[geeksui.codescandy.com/geeks/pages/delete-profile.html]
[geeksui.codescandy.com/geeks/pages/linked-accounts.html]
[geeksui.codescandy.com/geeks/assets/images/background/profile-bg.jpg]
[geeksui.codescandy.com/geeks/assets/images/course/course-laravel.jpg]
[geeksui.codescandy.com/geeks/assets/images/course/course-sass.jpg]
[geeksui.codescandy.com/geeks/assets/images/course/course-vue.jpg]
[geeksui.codescandy.com/geeks/assets/images/course/course-react.jpg]
[geeksui.codescandy.com/geeks/assets/libs/@popperjs/core/dist/umd/popper.min.js]
[geeksui.codescandy.com/geeks/assets/libs/bootstrap/dist/js/bootstrap.min.js]
[geeksui.codescandy.com/geeks/assets/libs/simplebar/dist/simplebar.min.js]
[geeksui.codescandy.com/geeks/assets/js/theme.min.js]
[geeksui.codescandy.com/geeks/pages/dashboard-instructor.html]
[geeksui.codescandy.com/geeks/assets/js/vendors/chart.js]
[geeksui.codescandy.com/geeks/assets/libs/apexcharts/dist/apexcharts.min.js]
[geeksui.codescandy.com/geeks/assets/fonts/feather/fonts/feather144f.ttf]
[geeksui.codescandy.com/geeks/assets/fonts/feather/fonts/feather144f.woff]
[geeksui.codescandy.com/geeks/assets/fonts/feather/feather.css]
[geeksui.codescandy.com/geeks/assets/fonts/feather/fonts/feather144f.svg]
[geeksui.codescandy.com/geeks/assets/libs/bootstrap-icons/font/fonts/bootstrap-iconsafdf.woff2]
[geeksui.codescandy.com/geeks/assets/libs/bootstrap-icons/font/fonts/bootstrap-iconsafdf.woff]
[geeksui.codescandy.com/geeks/assets/libs/bootstrap-icons/font/bootstrap-icons.min.css]
[geeksui.codescandy.com/geeks/assets/libs/simplebar/dist/simplebar.min.css]
[geeksui.codescandy.com/geeks/assets/css/theme.min.css]
[geeksui.codescandy.com/geeks/pages/notification-history.html]
[geeksui.codescandy.com/geeks/assets/libs/flatpickr/dist/flatpickr.min.css]
[geeksui.codescandy.com/geeks/assets/libs/flatpickr/dist/flatpickr.min.js]
[geeksui.codescandy.com/geeks/assets/js/vendors/flatpickr.js]
[geeksui.codescandy.com/geeks/pages/profile-edit.html]
[geeksui.codescandy.com/geeks/pages/student-subscriptions.html]
[geeksui.codescandy.com/geeks/assets/js/vendors/validation.js]
[geeksui.codescandy.com/geeks/assets/images/course/course-javascript.jpg]
[geeksui.codescandy.com/geeks/assets/images/avatar/avatar-5.jpg]
[geeksui.codescandy.com/geeks/assets/images/avatar/avatar-6.jpg]
[geeksui.codescandy.com/geeks/assets/images/course/course-graphql.jpg]
[geeksui.codescandy.com/geeks/assets/images/avatar/avatar-7.jpg]
[geeksui.codescandy.com/geeks/assets/images/course/course-angular.jpg]
[geeksui.codescandy.com/geeks/assets/images/avatar/avatar-8.jpg]
[geeksui.codescandy.com/geeks/assets/images/course/course-python.jpg]
[geeksui.codescandy.com/geeks/assets/images/avatar/avatar-9.jpg]
[geeksui.codescandy.com/geeks/assets/images/avatar/avatar-11.jpg]
[geeksui.codescandy.com/geeks/assets/images/avatar/avatar-13.jpg]
[geeksui.codescandy.com/geeks/assets/images/avatar/avatar-14.jpg]
[geeksui.codescandy.com/geeks/assets/images/avatar/avatar-15.jpg]
[geeksui.codescandy.com/geeks/assets/images/course/course-gatsby.jpg]
[geeksui.codescandy.com/geeks/assets/images/course/course-css.jpg]
[geeksui.codescandy.com/geeks/assets/images/course/course-wordpress.jpg]
[geeksui.codescandy.com/geeks/assets/libs/tippy.js/dist/tippy-bundle.umd.min.js]
[geeksui.codescandy.com/geeks/pages/course-category.html]
[geeksui.codescandy.com/geeks/assets/js/vendors/tooltip.js]
[geeksui.codescandy.com/geeks/assets/libs/glightbox/dist/css/glightbox.min.css]
[geeksui.codescandy.com/geeks/assets/images/education/skils.jpg]
[geeksui.codescandy.com/geeks/assets/images/education/edu-img-1.jpg]
[geeksui.codescandy.com/geeks/assets/images/education/edu-img-2.jpg]
[geeksui.codescandy.com/geeks/assets/images/education/edu-img-3.jpg]
[geeksui.codescandy.com/geeks/assets/images/education/edu-img-4.jpg]
[geeksui.codescandy.com/geeks/assets/images/education/edu-img-5.jpg]
[geeksui.codescandy.com/geeks/assets/images/education/edu-img-6.jpg]
[geeksui.codescandy.com/geeks/assets/images/education/edu-img-7.jpg]
[geeksui.codescandy.com/geeks/assets/images/education/edu-img-8.jpg]
[geeksui.codescandy.com/geeks/assets/images/education/certificate.jpg]
[geeksui.codescandy.com/geeks/assets/images/education/edu-video-img.jpg]
[geeksui.codescandy.com/geeks/assets/images/education/edu-webinar-1.jpg]
[geeksui.codescandy.com/geeks/assets/images/education/edu-webinar-2.jpg]
[geeksui.codescandy.com/geeks/assets/images/education/edu-webinar-3.jpg]
[geeksui.codescandy.com/geeks/assets/images/education/course.png]
[geeksui.codescandy.com/geeks/assets/libs/glightbox/dist/js/glightbox.min.js]
[geeksui.codescandy.com/geeks/pages/landings/landing-education.html]
[geeksui.codescandy.com/geeks/assets/js/vendors/glight.js]
[geeksui.codescandy.com/geeks/assets/libs/tiny-slider/dist/tiny-slider.css]
[geeksui.codescandy.com/geeks/assets/images/png/degree-1.png]
[geeksui.codescandy.com/geeks/assets/images/png/degree-2.png]
[geeksui.codescandy.com/geeks/assets/images/png/degree-3.png]
[geeksui.codescandy.com/geeks/assets/images/png/degree-4.png]
[geeksui.codescandy.com/geeks/assets/images/png/google.png]
[geeksui.codescandy.com/geeks/assets/images/png/IBM.png]
[geeksui.codescandy.com/geeks/assets/images/png/microsoft.png]
[geeksui.codescandy.com/geeks/assets/images/png/tensorflow.png]
[geeksui.codescandy.com/geeks/assets/images/png/meta.png]
[geeksui.codescandy.com/geeks/assets/images/background/acedamy-img/girl-image.png]
[geeksui.codescandy.com/geeks/assets/images/png/cta-instructor-1.png]
[geeksui.codescandy.com/geeks/assets/libs/tiny-slider/dist/min/tiny-slider.js]
[geeksui.codescandy.com/geeks/pages/landings/home-academy.html]
[geeksui.codescandy.com/geeks/assets/js/vendors/tnsSlider.js]
[geeksui.codescandy.com/geeks/pages/landings/course-single.html]
[geeksui.codescandy.com/geeks/assets/images/instructor/instructor-img-1.jpg]
[geeksui.codescandy.com/geeks/assets/images/instructor/instructor-img-2.jpg]
[geeksui.codescandy.com/geeks/assets/images/instructor/instructor-img-3.jpg]
[geeksui.codescandy.com/geeks/assets/images/instructor/instructor-img-4.jpg]
[geeksui.codescandy.com/geeks/pages/landings/landing-courses.html]
[geeksui.codescandy.com/geeks/assets/libs/typed.js/dist/typed.umd.js]
[geeksui.codescandy.com/geeks/assets/images/instructor/instructor-img.png]
[geeksui.codescandy.com/geeks/pages/landings/course-lead.html]
[geeksui.codescandy.com/geeks/assets/images/background/analytics.jpg]
[geeksui.codescandy.com/geeks/pages/landings/request-access.html]
[geeksui.codescandy.com/geeks/assets/libs/odometer/themes/odometer-theme-default.css]
[geeksui.codescandy.com/geeks/assets/images/background/gradient-bg.png]
[geeksui.codescandy.com/geeks/assets/libs/odometer/odometer.min.js]
[geeksui.codescandy.com/geeks/pages/landings/landing-sass.html]
[geeksui.codescandy.com/geeks/assets/js/vendors/pricing.js]
[geeksui.codescandy.com/geeks/pages/jobs/company-reviews.html]
[geeksui.codescandy.com/geeks/pages/jobs/company-jobs.html]
[geeksui.codescandy.com/geeks/pages/jobs/company-benefits.html]
[geeksui.codescandy.com/geeks/pages/jobs/company-photos.html]
[geeksui.codescandy.com/geeks/pages/jobs/post-job.html]
[geeksui.codescandy.com/geeks/pages/jobs/upload-resume.html]
[geeksui.codescandy.com/geeks/assets/images/job/png/job-hero-section.png]
[geeksui.codescandy.com/geeks/assets/images/background/case-study-img-1.jpg]
[geeksui.codescandy.com/geeks/pages/landings/landing-job.html]
[geeksui.codescandy.com/geeks/pages/course-single.html]
[geeksui.codescandy.com/geeks/pages/course-single-v2.html]
[geeksui.codescandy.com/geeks/pages/course-resume.html]
[geeksui.codescandy.com/geeks/assets/libs/imask/dist/imask.min.js]
[geeksui.codescandy.com/geeks/pages/course-checkout.html]
[geeksui.codescandy.com/geeks/assets/js/vendors/inputmask.js]
[geeksui.codescandy.com/geeks/assets/images/course/course-node.jpg]
[geeksui.codescandy.com/geeks/assets/images/course/course-bootstrap.jpg]
[geeksui.codescandy.com/geeks/assets/images/avatar/avatar-10.jpg]
[geeksui.codescandy.com/geeks/pages/course-filter-list.html]
[geeksui.codescandy.com/geeks/assets/libs/quill/dist/quill.snow.css]
[geeksui.codescandy.com/geeks/assets/libs/bs-stepper/dist/css/bs-stepper.min.css]
[geeksui.codescandy.com/geeks/assets/libs/@yaireo/tagify/dist/tagify.css]
[geeksui.codescandy.com/geeks/assets/libs/dragula/dist/dragula.min.css]
[geeksui.codescandy.com/geeks/assets/libs/file-upload-with-preview/dist/file-upload-with-preview.iife.js]
[geeksui.codescandy.com/geeks/assets/libs/@yaireo/tagify/dist/tagify.min.js]
[geeksui.codescandy.com/geeks/assets/libs/dragula/dist/dragula.min.js]
[geeksui.codescandy.com/geeks/assets/libs/quill/dist/quill.min.js]
[geeksui.codescandy.com/geeks/assets/libs/bs-stepper/dist/js/bs-stepper.min.js]
[geeksui.codescandy.com/geeks/assets/js/vendors/beStepper.js]
[geeksui.codescandy.com/geeks/assets/js/vendors/customDragula.js]
[geeksui.codescandy.com/geeks/assets/js/vendors/editor.js]
[geeksui.codescandy.com/geeks/pages/add-course.html]
[geeksui.codescandy.com/geeks/assets/js/vendors/file-upload.js]
[geeksui.codescandy.com/geeks/assets/libs/bootstrap-select/dist/css/bootstrap-select.css]
[geeksui.codescandy.com/geeks/pages/course-path.html]
[geeksui.codescandy.com/geeks/assets/images/blog/blogpost-1.jpg]
[geeksui.codescandy.com/geeks/pages/course-path-single.html]
[geeksui.codescandy.com/geeks/assets/images/blog/blogpost-2.jpg]
[geeksui.codescandy.com/geeks/assets/images/blog/blogpost-3.jpg]
[geeksui.codescandy.com/geeks/assets/images/blog/blogpost-4.jpg]
[geeksui.codescandy.com/geeks/assets/images/blog/blogpost-5.jpg]
[geeksui.codescandy.com/geeks/assets/images/blog/blogpost-6.jpg]
[geeksui.codescandy.com/geeks/pages/blog.html]
[geeksui.codescandy.com/geeks/assets/images/blog/center-img.jpg]
[geeksui.codescandy.com/geeks/assets/images/blog/left-img.jpg]
[geeksui.codescandy.com/geeks/assets/images/blog/right-img.jpg]
[geeksui.codescandy.com/geeks/pages/blog-single.html]
[geeksui.codescandy.com/geeks/pages/blog-category.html]
[geeksui.codescandy.com/geeks/pages/blog-sidebar.html]
[geeksui.codescandy.com/geeks/assets/images/avatar/avatar-12.jpg]
[geeksui.codescandy.com/geeks/assets/images/career/employee-pic.jpg]
[geeksui.codescandy.com/geeks/assets/images/hero/hero-img.png]
[geeksui.codescandy.com/geeks/pages/career.html]
[geeksui.codescandy.com/geeks/pages/career-list.html]
[geeksui.codescandy.com/geeks/pages/career-single.html]
[geeksui.codescandy.com/geeks/assets/images/portfolio/portfolio-large-1.jpg]
[geeksui.codescandy.com/geeks/assets/images/portfolio/portfolio-square-1.jpg]
[geeksui.codescandy.com/geeks/assets/images/portfolio/portfolio-large-2.jpg]
[geeksui.codescandy.com/geeks/assets/images/portfolio/portfolio-square-2.jpg]
[geeksui.codescandy.com/geeks/assets/images/portfolio/portfolio-large-3.jpg]
[geeksui.codescandy.com/geeks/assets/images/portfolio/portfolio-square-3.jpg]
[geeksui.codescandy.com/geeks/pages/portfolio.html]
[geeksui.codescandy.com/geeks/assets/images/portfolio/portfolio-single-1.jpg]
[geeksui.codescandy.com/geeks/assets/images/portfolio/portfolio-single-2.jpg]
[geeksui.codescandy.com/geeks/assets/images/portfolio/portfolio-single-3.jpg]
[geeksui.codescandy.com/geeks/assets/images/portfolio/portfolio-single-4.jpg]
[geeksui.codescandy.com/geeks/pages/portfolio-single.html]
[geeksui.codescandy.com/geeks/assets/libs/nouislider/dist/nouislider.min.css]
[geeksui.codescandy.com/geeks/assets/libs/nouislider/dist/nouislider.min.js]
[geeksui.codescandy.com/geeks/pages/jobs/job-listing.html]
[geeksui.codescandy.com/geeks/pages/jobs/job-grid.html]
[geeksui.codescandy.com/geeks/pages/jobs/job-single.html]
[geeksui.codescandy.com/geeks/pages/jobs/company-list.html]
[geeksui.codescandy.com/geeks/assets/libs/wnumb/wNumb.min.js]
[geeksui.codescandy.com/geeks/assets/images/background/company-bg.jpg]
[geeksui.codescandy.com/geeks/assets/images/job/png/job-logo.png]
[geeksui.codescandy.com/geeks/pages/jobs/company-about.html]
[geeksui.codescandy.com/geeks/pages/coming-soon.html]
[geeksui.codescandy.com/geeks/pages/404-error.html]
[geeksui.codescandy.com/geeks/pages/maintenance-mode.html]
[geeksui.codescandy.com/geeks/pages/terms-condition-page.html]
[geeksui.codescandy.com/geeks/assets/js/vendors/countdown.js]
[geeksui.codescandy.com/geeks/assets/images/about/geeksui-img-1.jpg]
[geeksui.codescandy.com/geeks/assets/images/about/geeksui-img-2.jpg]
[geeksui.codescandy.com/geeks/assets/images/about/geeksui-img-3.jpg]
[geeksui.codescandy.com/geeks/assets/images/about/geeksui-img-4.jpg]
[geeksui.codescandy.com/geeks/assets/images/about/geeksui-img-5.jpg]
[geeksui.codescandy.com/geeks/assets/images/about/geeksui-img-6.jpg]
[geeksui.codescandy.com/geeks/pages/about.html]
[geeksui.codescandy.com/geeks/assets/images/png/3d-girl.png]
[geeksui.codescandy.com/geeks/pages/help-center.html]
[geeksui.codescandy.com/geeks/pages/help-center-faq.html]
[geeksui.codescandy.com/geeks/pages/help-center-guide.html]
[geeksui.codescandy.com/geeks/assets/images/background/help-center-img.jpg]
[geeksui.codescandy.com/geeks/pages/help-center-guide-single.html]
[geeksui.codescandy.com/geeks/pages/help-center-support.html]
[geeksui.codescandy.com/geeks/pages/pricing.html]
[geeksui.codescandy.com/geeks/pages/compare-plan.html]
[geeksui.codescandy.com/geeks/pages/contact.html]
[geeksui.codescandy.com/geeks/pages/instructor-profile.html]
[geeksui.codescandy.com/geeks/pages/instructor-courses.html]
[geeksui.codescandy.com/geeks/pages/instructor-order.html]
[geeksui.codescandy.com/geeks/pages/instructor-reviews.html]
[geeksui.codescandy.com/geeks/pages/instructor-students.html]
[geeksui.codescandy.com/geeks/pages/instructor-payouts.html]
[geeksui.codescandy.com/geeks/pages/instructor-earning.html]
[geeksui.codescandy.com/geeks/assets/images/course/course-html.jpg]
[geeksui.codescandy.com/geeks/pages/instructor-quiz.html]
[geeksui.codescandy.com/geeks/pages/instructor-quiz-details.html]
[geeksui.codescandy.com/geeks/pages/instructor-quiz-result.html]
[geeksui.codescandy.com/geeks/pages/dashboard-student.html]
[geeksui.codescandy.com/geeks/pages/payment-method.html]
[geeksui.codescandy.com/geeks/pages/billing-info.html]
[geeksui.codescandy.com/geeks/pages/invoice.html]
[geeksui.codescandy.com/geeks/pages/invoice-details.html]
[geeksui.codescandy.com/geeks/pages/student-quiz.html]
[geeksui.codescandy.com/geeks/pages/student-quiz-attempt.html]
[geeksui.codescandy.com/geeks/pages/student-quiz-start.html]
[geeksui.codescandy.com/geeks/pages/student-quiz-result.html]
[geeksui.codescandy.com/geeks/pages/dashboard/dashboard-analytics.html]
[geeksui.codescandy.com/geeks/pages/dashboard/admin-course-overview.html]
[geeksui.codescandy.com/geeks/pages/dashboard/admin-course-category.html]
[geeksui.codescandy.com/geeks/pages/dashboard/admin-course-category-single.html]
[geeksui.codescandy.com/geeks/pages/dashboard/admin-instructor.html]
[geeksui.codescandy.com/geeks/pages/dashboard/admin-students.html]
[geeksui.codescandy.com/geeks/pages/dashboard/admin-cms-overview.html]
[geeksui.codescandy.com/geeks/pages/dashboard/admin-cms-post.html]
[geeksui.codescandy.com/geeks/pages/dashboard/admin-cms-post-new.html]
[geeksui.codescandy.com/geeks/pages/dashboard/admin-cms-post-category.html]
[geeksui.codescandy.com/geeks/pages/dashboard/project-grid.html]
[geeksui.codescandy.com/geeks/pages/dashboard/project-list.html]
[geeksui.codescandy.com/geeks/pages/dashboard/project-overview.html]
[geeksui.codescandy.com/geeks/pages/dashboard/project-task.html]
[geeksui.codescandy.com/geeks/pages/dashboard/project-budget.html]
[geeksui.codescandy.com/geeks/pages/dashboard/project-team.html]
[geeksui.codescandy.com/geeks/pages/dashboard/project-files.html]
[geeksui.codescandy.com/geeks/pages/dashboard/project-summary.html]
[geeksui.codescandy.com/geeks/pages/dashboard/add-project.html]
[geeksui.codescandy.com/geeks/pages/dashboard/notification-history.html]
[geeksui.codescandy.com/geeks/pages/dashboard/ecommerce/product-grid.html]
[geeksui.codescandy.com/geeks/pages/dashboard/ecommerce/product-grid-with-sidebar.html]
[geeksui.codescandy.com/geeks/pages/dashboard/ecommerce/products.html]
[geeksui.codescandy.com/geeks/pages/dashboard/ecommerce/product-single.html]
[geeksui.codescandy.com/geeks/pages/dashboard/ecommerce/product-single-v2.html]
[geeksui.codescandy.com/geeks/pages/dashboard/ecommerce/add-product.html]
[geeksui.codescandy.com/geeks/pages/dashboard/ecommerce/shopping-cart.html]
[geeksui.codescandy.com/geeks/pages/dashboard/ecommerce/checkout.html]
[geeksui.codescandy.com/geeks/pages/dashboard/ecommerce/order.html]
[geeksui.codescandy.com/geeks/pages/dashboard/ecommerce/order-single.html]
[geeksui.codescandy.com/geeks/pages/dashboard/ecommerce/order-history.html]
[geeksui.codescandy.com/geeks/pages/dashboard/ecommerce/order-summary.html]
[geeksui.codescandy.com/geeks/pages/dashboard/ecommerce/customers.html]
[geeksui.codescandy.com/geeks/pages/dashboard/ecommerce/customer-single.html]
[geeksui.codescandy.com/geeks/pages/dashboard/ecommerce/add-customer.html]
[geeksui.codescandy.com/geeks/pages/dashboard/layouts/layout-horizontal.html]
[geeksui.codescandy.com/geeks/pages/dashboard/layouts/layout-compact.html]
[geeksui.codescandy.com/geeks/pages/dashboard/layouts/layout-vertical.html]
[geeksui.codescandy.com/geeks/pages/dashboard/chat-app.html]
[geeksui.codescandy.com/geeks/pages/dashboard/task-kanban.html]
[geeksui.codescandy.com/geeks/pages/dashboard/mail.html]
[geeksui.codescandy.com/geeks/pages/dashboard/calendar.html]
[geeksui.codescandy.com/geeks/pages/dashboard/basic-table.html]
[geeksui.codescandy.com/geeks/pages/dashboard/datatables.html]
[geeksui.codescandy.com/geeks/pages/dashboard/setting-general.html]
[geeksui.codescandy.com/geeks/pages/dashboard/setting-google.html]
[geeksui.codescandy.com/geeks/pages/dashboard/setting-social.html]
[geeksui.codescandy.com/geeks/pages/dashboard/setting-social-login.html]
[geeksui.codescandy.com/geeks/pages/dashboard/setting-payment.html]
[geeksui.codescandy.com/geeks/pages/dashboard/setting-smpt.html]
[geeksui.codescandy.com/geeks/assets/images/background/giftbox.png]
[geeksui.codescandy.com/geeks/pages/dashboard/admin-dashboard.html]
[geeksui.codescandy.com/geeks/pages/sign-in.html]
[geeksui.codescandy.com/geeks/pages/sign-up.html]
[geeksui.codescandy.com/geeks/pages/forget-password.html]
[geeksui.codescandy.com/geeks/pages/security.html]
[geeksui.codescandy.com/geeks/pages/social-profile.html]
[geeksui.codescandy.com/geeks/pages/notifications.html]
[geeksui.codescandy.com/geeks/pages/profile-privacy.html]
[geeksui.codescandy.com/geeks/pages/delete-profile.html]
[geeksui.codescandy.com/geeks/pages/linked-accounts.html]
[geeksui.codescandy.com/geeks/assets/fonts/feather/fonts/feather144f.svg]
[geeksui.codescandy.com/geeks/assets/libs/flatpickr/dist/flatpickr.min.css]
[geeksui.codescandy.com/geeks/assets/libs/glightbox/dist/css/glightbox.min.css]
[geeksui.codescandy.com/geeks/assets/libs/tiny-slider/dist/tiny-slider.css]
[geeksui.codescandy.com/geeks/pages/landings/course-single.html]
[geeksui.codescandy.com/geeks/assets/libs/odometer/themes/odometer-theme-default.css]
[geeksui.codescandy.com/geeks/pages/jobs/company-reviews.html]
[geeksui.codescandy.com/geeks/pages/jobs/company-jobs.html]
[geeksui.codescandy.com/geeks/pages/jobs/company-benefits.html]
[geeksui.codescandy.com/geeks/pages/jobs/company-photos.html active]
[geeksui.codescandy.com/geeks/assets/images/job/jpg/job-gallery-img-1.jpg]
[geeksui.codescandy.com/geeks/assets/images/job/jpg/job-gallery-img-2.jpg]
[geeksui.codescandy.com/geeks/assets/images/job/jpg/job-gallery-img-3.jpg]
[geeksui.codescandy.com/geeks/assets/images/job/jpg/job-gallery-img-4.jpg]
[geeksui.codescandy.com/geeks/assets/images/job/jpg/job-gallery-img-5.jpg]
[geeksui.codescandy.com/geeks/assets/images/job/jpg/job-gallery-img-6.jpg]
[geeksui.codescandy.com/geeks/assets/images/job/jpg/job-gallery-img-7.jpg]
[geeksui.codescandy.com/geeks/assets/images/job/jpg/job-gallery-img-8.jpg]
[geeksui.codescandy.com/geeks/pages/jobs/company-photos.html]
[geeksui.codescandy.com/geeks/pages/jobs/post-job.html]
[geeksui.codescandy.com/geeks/pages/jobs/upload-resume.html]
[geeksui.codescandy.com/geeks/assets/libs/quill/dist/quill.snow.css]
[geeksui.codescandy.com/geeks/assets/libs/bs-stepper/dist/css/bs-stepper.min.css]
[geeksui.codescandy.com/geeks/assets/libs/@yaireo/tagify/dist/tagify.css]
[geeksui.codescandy.com/geeks/assets/libs/dragula/dist/dragula.min.css]
[geeksui.codescandy.com/geeks/assets/libs/bootstrap-select/dist/css/bootstrap-select.html]
[geeksui.codescandy.com/geeks/assets/libs/nouislider/dist/nouislider.min.css]
[geeksui.codescandy.com/geeks/assets/libs/jsvectormap/dist/js/jsvectormap.min.js]
[geeksui.codescandy.com/geeks/pages/dashboard/dashboard-analytics.html]
[geeksui.codescandy.com/geeks/pages/dashboard/admin-course-overview.html]
[geeksui.codescandy.com/geeks/pages/dashboard/admin-course-category.html]
[geeksui.codescandy.com/geeks/pages/dashboard/admin-course-category-single.html]
[geeksui.codescandy.com/geeks/assets/libs/jsvectormap/dist/maps/world.js]
[geeksui.codescandy.com/geeks/assets/images/avatar/avatar-16.jpg]
[geeksui.codescandy.com/geeks/assets/images/avatar/avatar-17.jpg]
[geeksui.codescandy.com/geeks/assets/images/avatar/avatar-18.jpg]
[geeksui.codescandy.com/geeks/assets/images/avatar/avatar-19.jpg]
[geeksui.codescandy.com/geeks/pages/dashboard/admin-instructor.html]
[geeksui.codescandy.com/geeks/pages/dashboard/admin-students.html]
[geeksui.codescandy.com/geeks/pages/dashboard/admin-cms-overview.html]
[geeksui.codescandy.com/geeks/pages/dashboard/admin-cms-post.html]
[geeksui.codescandy.com/geeks/assets/libs/dropzone/dist/dropzone.css]
[geeksui.codescandy.com/geeks/assets/libs/dropzone/dist/min/dropzone.min.js]
[geeksui.codescandy.com/geeks/pages/dashboard/admin-cms-post-new.html]
[geeksui.codescandy.com/geeks/pages/dashboard/admin-cms-post-category.html]
[geeksui.codescandy.com/geeks/assets/js/vendors/dropzone.js]
[geeksui.codescandy.com/geeks/assets/images/background/project-cover-img.jpg]
[geeksui.codescandy.com/geeks/pages/dashboard/project-grid.html]
[geeksui.codescandy.com/geeks/pages/dashboard/project-list.html]
[geeksui.codescandy.com/geeks/pages/dashboard/project-overview.html]
[geeksui.codescandy.com/geeks/pages/dashboard/project-task.html]
[geeksui.codescandy.com/geeks/pages/dashboard/project-budget.html]
[geeksui.codescandy.com/geeks/pages/dashboard/project-team.html]
[geeksui.codescandy.com/geeks/pages/dashboard/project-files.html]
[geeksui.codescandy.com/geeks/pages/dashboard/project-summary.html]
[geeksui.codescandy.com/geeks/pages/dashboard/add-project.html]
[geeksui.codescandy.com/geeks/pages/dashboard/notification-history.html]
[geeksui.codescandy.com/geeks/pages/dashboard/ecommerce/admin-dashboard.html]
[geeksui.codescandy.com/geeks/assets/images/ecommerce/product-shoe-01.jpg]
[geeksui.codescandy.com/geeks/assets/images/ecommerce/product-shoe-02.jpg]
[geeksui.codescandy.com/geeks/assets/images/ecommerce/product-shoe-03.jpg]
[geeksui.codescandy.com/geeks/assets/images/ecommerce/product-shoe-04.jpg]
[geeksui.codescandy.com/geeks/assets/images/ecommerce/product-shoe-05.jpg]
[geeksui.codescandy.com/geeks/assets/images/ecommerce/product-shoe-06.jpg]
[geeksui.codescandy.com/geeks/assets/images/ecommerce/product-shoe-07.jpg]
[geeksui.codescandy.com/geeks/assets/images/ecommerce/product-shoe-08.jpg]
[geeksui.codescandy.com/geeks/pages/dashboard/ecommerce/product-grid.html]
[geeksui.codescandy.com/geeks/pages/dashboard/ecommerce/product-grid-with-sidebar.html]
[geeksui.codescandy.com/geeks/assets/images/ecommerce/ecommerce-img-1.jpg]
[geeksui.codescandy.com/geeks/assets/images/ecommerce/ecommerce-img-2.jpg]
[geeksui.codescandy.com/geeks/assets/images/ecommerce/ecommerce-img-3.jpg]
[geeksui.codescandy.com/geeks/assets/images/ecommerce/ecommerce-img-4.jpg]
[geeksui.codescandy.com/geeks/assets/images/ecommerce/ecommerce-img-5.jpg]
[geeksui.codescandy.com/geeks/assets/images/ecommerce/ecommerce-img-6.jpg]
[geeksui.codescandy.com/geeks/assets/images/ecommerce/ecommerce-img-7.jpg]
[geeksui.codescandy.com/geeks/assets/images/ecommerce/ecommerce-img-8.jpg]
[geeksui.codescandy.com/geeks/assets/images/ecommerce/ecommerce-img-9.jpg]
[geeksui.codescandy.com/geeks/pages/dashboard/ecommerce/products.html]
[geeksui.codescandy.com/geeks/assets/images/ecommerce/product-slide-1.jpg]
[geeksui.codescandy.com/geeks/assets/images/ecommerce/product-slide-2.jpg]
[geeksui.codescandy.com/geeks/assets/images/ecommerce/product-slide-3.jpg]
[geeksui.codescandy.com/geeks/assets/images/ecommerce/product-slide-4.jpg]
[geeksui.codescandy.com/geeks/assets/images/ecommerce/product-slide-5.jpg]
[geeksui.codescandy.com/geeks/pages/dashboard/ecommerce/product-single.html]
[geeksui.codescandy.com/geeks/pages/dashboard/ecommerce/product-single-v2.html]
[geeksui.codescandy.com/geeks/pages/dashboard/ecommerce/add-product.html]
[geeksui.codescandy.com/geeks/pages/dashboard/ecommerce/shopping-cart.html]
[geeksui.codescandy.com/geeks/pages/dashboard/ecommerce/checkout.html]
[geeksui.codescandy.com/geeks/pages/dashboard/ecommerce/order.html]
[geeksui.codescandy.com/geeks/pages/dashboard/ecommerce/order-single.html]
[geeksui.codescandy.com/geeks/pages/dashboard/ecommerce/order-history.html]
[geeksui.codescandy.com/geeks/pages/dashboard/ecommerce/order-summary.html]
[geeksui.codescandy.com/geeks/pages/dashboard/ecommerce/customers.html]
[geeksui.codescandy.com/geeks/pages/dashboard/ecommerce/customer-single.html]
[geeksui.codescandy.com/geeks/pages/dashboard/ecommerce/add-customer.html]
[geeksui.codescandy.com/geeks/pages/dashboard/layouts/layout-horizontal.html]
[geeksui.codescandy.com/geeks/pages/dashboard/layouts/layout-compact.html]
[geeksui.codescandy.com/geeks/pages/dashboard/layouts/layout-vertical.html]
[geeksui.codescandy.com/geeks/assets/js/vendors/increment-value.js]
[geeksui.codescandy.com/geeks/assets/images/png/dot-move.png]
[geeksui.codescandy.com/geeks/assets/images/avatar/avatar-21.jpg]
[geeksui.codescandy.com/geeks/pages/dashboard/chat-app.html]
[geeksui.codescandy.com/geeks/pages/dashboard/task-kanban.html]
[geeksui.codescandy.com/geeks/assets/js/vendors/chat.js]
[geeksui.codescandy.com/geeks/pages/dashboard/mail-draft.html]
[geeksui.codescandy.com/geeks/pages/dashboard/mail.html]
[geeksui.codescandy.com/geeks/pages/dashboard/mail-details.html]
[geeksui.codescandy.com/geeks/assets/js/vendors/calendar.js]
[geeksui.codescandy.com/geeks/pages/dashboard/calendar.html]
[geeksui.codescandy.com/geeks/pages/dashboard/basic-table.html]
[cdn.jsdelivr.net/npm/moment@2.29.1/min/moment.min.js]
[geeksui.codescandy.com/geeks/assets/libs/fullcalendar/index.global.min.js]
[geeksui.codescandy.com/geeks/assets/libs/datatables.net-bs5/css/dataTables.bootstrap5.min.css]
[geeksui.codescandy.com/geeks/assets/libs/datatables.net-buttons-bs5/css/buttons.bootstrap5.min.css]
[geeksui.codescandy.com/geeks/assets/js/vendors/jquery.min.js]
[geeksui.codescandy.com/geeks/assets/libs/datatables.net/js/jquery.dataTables.min.js]
[geeksui.codescandy.com/geeks/assets/libs/datatables.net-bs5/js/dataTables.bootstrap5.min.js]
[geeksui.codescandy.com/geeks/assets/libs/datatables.net-responsive/js/dataTables.responsive.min.js]
[geeksui.codescandy.com/geeks/assets/libs/datatables.net-responsive-bs5/js/responsive.bootstrap5.min.js]
[geeksui.codescandy.com/geeks/assets/libs/datatables.net-buttons/js/dataTables.buttons.min.js]
[geeksui.codescandy.com/geeks/assets/libs/datatables.net-buttons-bs5/js/buttons.bootstrap5.min.js]
[geeksui.codescandy.com/geeks/assets/libs/datatables.net-buttons/js/buttons.html5.min.js]
[geeksui.codescandy.com/geeks/assets/libs/datatables.net-buttons/js/buttons.flash.min.js]
[geeksui.codescandy.com/geeks/assets/libs/datatables.net-buttons/js/buttons.print.min.js]
[geeksui.codescandy.com/geeks/pages/dashboard/datatables.html]
[geeksui.codescandy.com/geeks/pages/dashboard/setting-general.html]
[geeksui.codescandy.com/geeks/pages/dashboard/setting-google.html]
[geeksui.codescandy.com/geeks/pages/dashboard/setting-social.html]
[geeksui.codescandy.com/geeks/pages/dashboard/setting-social-login.html]
[geeksui.codescandy.com/geeks/pages/dashboard/setting-payment.html]
[geeksui.codescandy.com/geeks/pages/dashboard/setting-smpt.html]
[geeksui.codescandy.com/geeks/pages/jobs/company-photos-2.html]
[geeksui.codescandy.com/geeks/assets/libs/dropzone/dist/dropzone.css]
[geeksui.codescandy.com/geeks/pages/dashboard/ecommerce/admin-dashboard.html]
[geeksui.codescandy.com/geeks/pages/dashboard/mail-draft.html]
[geeksui.codescandy.com/geeks/pages/dashboard/mail-details.html]
[geeksui.codescandy.com/geeks/assets/libs/datatables.net-bs5/css/dataTables.bootstrap5.min.css]
[geeksui.codescandy.com/geeks/assets/libs/datatables.net-buttons-bs5/css/buttons.bootstrap5.min.css]
[geeksui.codescandy.com/geeks/assets/js/vendors/datatables.js]
[geeksui.codescandy.com/geeks/assets/libs/pdfmake/build/pdfmake.min.js]
